<section class="bg-white dark:bg-zinc-950 py-16"><div class="container mx-auto px-4"><div class="max-w-5xl mx-auto"><div data-slot="card" class="bg-card text-card-foreground flex flex-col gap-6 rounded-xl py-6 shadow-sm bg-gradient-to-br from-purple-50 via-white to-indigo-50 dark:from-zinc-900 dark:via-zinc-900 dark:to-zinc-950 border border-purple-100/70 dark:border-zinc-800"><div data-slot="card-header" class="@container/card-header grid auto-rows-min grid-rows-[auto_auto] items-start gap-2 px-6 has-data-[slot=card-action]:grid-cols-[1fr_auto] [.border-b]:pb-6 space-y-3"><span class="text-sm font-medium text-purple-600 dark:text-purple-400 tracking-widest">THIS WEEK&#x27;S ISSUE</span><h2 class="text-3xl md:text-4xl font-bold text-gray-900 dark:text-white leading-tight">Late Letters: One Home for Every Story</h2><p class="text-base md:text-lg text-gray-600 dark:text-zinc-400 leading-relaxed">We folded the blog into this weekly letter so every reflection now arrives in a single rhythm you can count on.</p></div><div data-slot="card-content" class="px-6 space-y-4"><div class="flex flex-wrap gap-4 text-sm text-gray-600 dark:text-zinc-400"><div class="inline-flex items-center gap-2"><svg xmlns="http://www.w3.org/2000/svg" width="24" height="24" viewBox="0 0 24 24" fill="none" stroke="currentColor" stroke-width="2" stroke-linecap="round" stroke-linejoin="round" class="lucide lucide-calendar h-4 w-4" aria-hidden="true"><path d="M8 2v4"></path><path d="M16 2v4"></path><rect width="18" height="18" x="3" y="4" rx="2"></rect><path d="M3 10h18"></path></svg><span>October 19, 2025</span></div><div class="inline-flex items-center gap-2"><svg xmlns="http://www.w3.org/2000/svg" width="24" height="24" viewBox="0 0 24 24" fill="none" stroke="currentColor" stroke-width="2" stroke-linecap="round" stroke-linejoin="round" class="lucide lucide-clock h-4 w-4" aria-hidden="true"><circle cx="12" cy="12" r="10"></circle><polyline points="12 6 12 12 16 14"></polyline></svg><span>6 min read</span></div></div></div><div data-slot="card-footer" class="px-6 [.border-t]:pt-6 flex flex-col items-start gap-4 md:flex-row md:items-center md:justify-between"><a aria-label="Read Late Letters: One Home for Every Story" href="/newsletter/late-letters-october-19-2025"><button data-slot="button" class="inline-flex items-center justify-center gap-2 whitespace-nowrap text-sm font-medium transition-all disabled:pointer-events-none disabled:opacity-50 [&amp;_svg]:pointer-events-none [&amp;_svg:not([class*=&#x27;size-&#x27;])]:size-4 shrink-0 [&amp;_svg]:shrink-0 outline-none focus-visible:border-ring focus-visible:ring-ring/50 focus-visible:ring-[3px] aria-invalid:ring-destructive/20 dark:aria-invalid:ring-destructive/40 aria-invalid:border-destructive bg-primary text-primary-foreground hover:bg-primary/90 h-10 rounded-md px-6 has-[&gt;svg]:px-4 group">Read the latest issue<svg xmlns="http://www.w3.org/2000/svg" width="24" height="24" viewBox="0 0 24 24" fill="none" stroke="currentColor" stroke-width="2" stroke-linecap="round" stroke-linejoin="round" class="lucide lucide-arrow-right ml-2 h-4 w-4 transition-transform duration-300 group-hover:translate-x-1"><path d="M5 12h14"></path><path d="m12 5 7 7-7 7"></path></svg></button></a><a class="inline-flex items-center text-purple-600 dark:text-purple-400 hover:text-purple-700 dark:hover:text-purple-300 font-medium" href="/newsletter">View the archive<svg xmlns="http://www.w3.org/2000/svg" width="24" height="24" viewBox="0 0 24 24" fill="none" stroke="currentColor" stroke-width="2" stroke-linecap="round" stroke-linejoin="round" class="lucide lucide-arrow-right ml-2 h-4 w-4"><path d="M5 12h14"></path><path d="m12 5 7 7-7 7"></path></svg></a></div></div></div></div></section>